Программу "Аэростат" ведёт Борис Гребенщиков.

Песен у нас полно на все вкусы; но – согласно ходу звезд в небе – сегодня время пропеть вам краткую историю британского блюза.

Американская музыка под именем "блюз" была известна в Британии по пластинкам, привозимым чернокожими американскими солдатами, расквартированными там во время Второй мировой войны. К тому же, чтобы успокоить нервы слушателей во время немецких налетов, Би-Би-Си начало передавать блюзы.

Неудивительно, что блюз оказался так востребован; был глотком свежего воздуха. Блюз не стеснялся все называть своими именами на всем понятном языке.

К середине 60-х традиционный джаз окончательно оказался за бортом парохода современности, а блюз был принят всем цивилизованным обществом как самое новое и самое модное.

Как это ни странно, но британский блюз – феномен на первый взгляд строго подражательный и вторичный – оказал огромное влияние на блюз как таковой. Но главное – англичане, влюбленные в блюз, превратили локальный феномен в музыку всего мира.

 

АЭРОСТАТ 805 (18.10.20) – British Blues

(!) Обратите внимание, программа "Аэростат" выходит в новое время 17-10

Выпуски программы "Аэростат" слушайте в мобильном приложении "Радио России".

Трек-лист

1 John Mayall & The Bluesbreaker & Eric Clapton - Steppin' Out

2 Alexis Korner’s Blues Incorporated - Gotta Move

3 John Mayall & Eric Clapton - Lonely Years (Mono)

4 The Yardbirds - I'm a Man (Live)

5 The Animals - Boom Boom

6 Donovan - Bert's Blues

7 The Rolling Stones - Little Red Rooster

8 The Jimi Hendrix Experience - Red House

9 Free – Walk In My Shadow

10 Fleetwood Mac - My Baby's Good to Me

11 Jethro Tull - Some Day The Sun Won't Shine For You

12 Cream – Four Until Late

 
                                                    
                                                                    #музыка
                                                                    #Борис Гребенщиков
                                                                    #аэростат
                                                            
                        
                    