<?xml version="1.0" encoding="UTF-8"?><rss version="2.0" xmlns:content="http://purl.org/rss/1.0/modules/content/">
  <channel>
    <title>&#34;Аэростат&#34;</title>
    <link>**localhost**/brand/57083/episodes</link>
    <description>Вы не можете быть до конца уверены, что на этот раз вам откроет БГ – будь то взгляд на группу Doors или столь глобальные вопросы, как: что такое новое время, как делится история мира в соответствии с древней индийской космогонией, стоит ли ждать ветра перемен, ждет ли нас духовное возрождение, где граница между прошлым и будущим. А может и вовсе не стоит искать ответы на эти вопросы? Потому что это не те вопросы, а потому и ответы не приведут вас к истине...&#xD;&#xA;&#xD;&#xA;Прислушаемся к Борису Гребенщикову, который с улыбкой говорит всем нам &#34;Здравствуйте!&#34; и находит самые простые ответы...</description>
    <image>
      <url>https://cdn-st4.rtr-vesti.ru/vh/pictures/xw/124/617/1.jpg</url>
      <title>&#34;Аэростат&#34;</title>
      <link>**localhost**/brand/57083/episodes</link>
    </image>
    <item>
      <title>Новые имена 27</title>
      <link>**localhost**/brand/57083/episode/2237849</link>
      <description>Как писал в своё время Данте,  смысл творчества заключается в том, чтобы &#34;провести человека из ада в рай&#34;. А раз так, то, по-моему, чем больше мы будем знать проводников, тем лучше. И, конечно, хочется вам играть самое новое сегодняшнее, но вдруг встретишь какую-то старорежимную песню и думаешь – вот это да! Какое совершенство! И нужно её поставить, потому что без истории мы никто.</description>
      <enclosure url="https://audio.vgtrk.com/download?id=2467579" length="1024" type="audio/mpeg"></enclosure>
      <guid>**localhost**/brand/57083/episode/2237849</guid>
      <pubDate>Sun, 26 Jan 2020 14:10:00 +0300</pubDate>
    </item>
    <item>
      <title>The Cure</title>
      <link>**localhost**/brand/57083/episode/2237781</link>
      <description>Не может быть! Однако может. Не прошло и 15 лет, а я, наконец, добрался до рассказа про группу The Cure.</description>
      <enclosure url="https://audio.vgtrk.com/download?id=2466052" length="1024" type="audio/mpeg"></enclosure>
      <guid>**localhost**/brand/57083/episode/2237781</guid>
      <pubDate>Sun, 19 Jan 2020 14:10:00 +0300</pubDate>
    </item>
    <item>
      <title>Новые песни января</title>
      <link>**localhost**/brand/57083/episode/2236152</link>
      <description>Сегодня послушаем, что нового появилось в музыке в новом году.</description>
      <enclosure url="https://audio.vgtrk.com/download?id=2464622" length="1024" type="audio/mpeg"></enclosure>
      <guid>**localhost**/brand/57083/episode/2236152</guid>
      <pubDate>Sun, 12 Jan 2020 14:10:00 +0300</pubDate>
    </item>
    <item>
      <title>Новогодние притчи</title>
      <link>**localhost**/brand/57083/episode/2234173</link>
      <description>С наступившим Новым годом!  По давней гиперборейской традиции первый &#34;Аэростат&#34; года посвящён притчам.</description>
      <enclosure url="https://audio.vgtrk.com/download?id=2463470" length="1024" type="audio/mpeg"></enclosure>
      <guid>**localhost**/brand/57083/episode/2234173</guid>
      <pubDate>Sun, 05 Jan 2020 14:10:00 +0300</pubDate>
    </item>
    <item>
      <title>С наступающим!</title>
      <link>**localhost**/brand/57083/episode/2233216</link>
      <description>Вот она и наступила – последняя передача &#34;Аэростат&#34; 2019 года. Послезавтра в полночь наступит Новый год. Кто бы мог предположить, что такое и на самом деле случится? К нам придёт 2020 год.</description>
      <enclosure url="https://audio.vgtrk.com/download?id=2462338" length="1024" type="audio/mpeg"></enclosure>
      <guid>**localhost**/brand/57083/episode/2233216</guid>
      <pubDate>Sun, 29 Dec 2019 14:10:00 +0300</pubDate>
    </item>
    <item>
      <title>Рождество</title>
      <link>**localhost**/brand/57083/episode/2231513</link>
      <description>Через два дня во всём мире празднуют Рождество. И пусть православное Рождество только через две недели, но Рождество – праздник особенный и его не грех отпраздновать дважды, как и Новый год. Отпраздновать музыкой c настроением Рождества...</description>
      <enclosure url="https://audio.vgtrk.com/download?id=2460859" length="1024" type="audio/mpeg"></enclosure>
      <guid>**localhost**/brand/57083/episode/2231513</guid>
      <pubDate>Sun, 22 Dec 2019 14:10:00 +0300</pubDate>
    </item>
    <item>
      <title>&#34;То да сё # 6&#34; (Сила музыки)</title>
      <link>**localhost**/brand/57083/episode/2229234</link>
      <description>Как говорил магистр Йода: &#34;Когда смотришь на тёмную сторону, осторожным нужно быть, потому что тогда на тебя тёмная сторона начинает смотреть&#34;.  Поэтому сегодня я хочу воздержаться от песен печальных и играть песни солнечные и радостные.</description>
      <enclosure url="https://audio.vgtrk.com/download?id=2459405" length="1024" type="audio/mpeg"></enclosure>
      <guid>**localhost**/brand/57083/episode/2229234</guid>
      <pubDate>Sun, 15 Dec 2019 14:10:00 +0300</pubDate>
    </item>
    <item>
      <title>Новые песни декабря</title>
      <link>**localhost**/brand/57083/episode/2226836</link>
      <description>Британская певица  Кейт Расби,  американский музыкант, певец и композитор Бек Хансен, известный как Бек, английские певцы и музыканты Род Стюарт и Пол Маккартни...</description>
      <enclosure url="https://audio.vgtrk.com/download?id=2457932" length="1024" type="audio/mpeg"></enclosure>
      <guid>**localhost**/brand/57083/episode/2226836</guid>
      <pubDate>Sun, 08 Dec 2019 14:10:00 +0300</pubDate>
    </item>
    <item>
      <title>То да сё № 5</title>
      <link>**localhost**/brand/57083/episode/2223937</link>
      <description>С официальным началом зимы всех нас! Пусть отныне всё будет: мороз и солнце, день чудесный! Сегодня у нас праздник.</description>
      <enclosure url="https://audio.vgtrk.com/download?id=2456411" length="1024" type="audio/mpeg"></enclosure>
      <guid>**localhost**/brand/57083/episode/2223937</guid>
      <pubDate>Sun, 01 Dec 2019 14:10:00 +0300</pubDate>
    </item>
    <item>
      <title>ELO: &#34;Из ниоткуда&#34; 2019</title>
      <link>**localhost**/brand/57083/episode/2222868</link>
      <description>Вышел новый альбом &#34;Оркестра электрического света&#34; (ELO). Что я могу ещё сказать?</description>
      <enclosure url="https://audio.vgtrk.com/download?id=2454907" length="1024" type="audio/mpeg"></enclosure>
      <guid>**localhost**/brand/57083/episode/2222868</guid>
      <pubDate>Sun, 24 Nov 2019 14:10:00 +0300</pubDate>
    </item>
  </channel>
</rss>