<?xml version="1.0" encoding="UTF-8"?><rss version="2.0" xmlns:content="http://purl.org/rss/1.0/modules/content/">
  <channel>
    <title>Аэростат</title>
    <link>https://smotrim.ru/brand/57083</link>
    <description>Вы не можете быть до конца уверены, что на этот раз вам откроет БГ – будь то взгляд на группу Doors или столь глобальные вопросы, как: что такое новое время, как делится история мира в соответствии с древней индийской космогонией, стоит ли ждать ветра перемен, ждет ли нас духовное возрождение, где граница между прошлым и будущим. А может и вовсе не стоит искать ответы на эти вопросы? Потому что это не те вопросы, а потому и ответы не приведут вас к истине...&#xA;&#xA;Прислушаемся к Борису Гребенщикову, который с улыбкой говорит всем нам &#34;Здравствуйте!&#34; и находит самые простые ответы...</description>
    <image>
      <url>https://cdnapi.smotrim.ru/api/v1/pictures/1246171/mw/redirect</url>
      <title>Аэростат</title>
      <link>https://smotrim.ru/brand/57083</link>
    </image>
    <item>
      <title>Выпуск 884. Ответы на Вопросы</title>
      <link>https://smotrim.ru/audio/2628425</link>
      <description></description>
      <enclosure url="https://audio.vgtrk.com/download?id=2628425" length="1024" type="audio/mpeg"></enclosure>
      <guid>2628425</guid>
    </item>
    <item>
      <title>Выпуск 883. Judy Collins Wildflowers</title>
      <link>https://smotrim.ru/audio/2627161</link>
      <description></description>
      <enclosure url="https://audio.vgtrk.com/download?id=2627161" length="1024" type="audio/mpeg"></enclosure>
      <guid>2627161</guid>
    </item>
    <item>
      <title>Выпуск 882. Новое То да Сё</title>
      <link>https://smotrim.ru/audio/2625692</link>
      <description></description>
      <enclosure url="https://audio.vgtrk.com/download?id=2625692" length="1024" type="audio/mpeg"></enclosure>
      <guid>2625692</guid>
    </item>
    <item>
      <title>Выпуск 881. Новые Песни Апреля</title>
      <link>https://smotrim.ru/audio/2624678</link>
      <description></description>
      <enclosure url="https://audio.vgtrk.com/download?id=2624678" length="1024" type="audio/mpeg"></enclosure>
      <guid>2624678</guid>
    </item>
    <item>
      <title>Выпуск 880. Что такое концерт</title>
      <link>https://smotrim.ru/audio/2623811</link>
      <description></description>
      <enclosure url="https://audio.vgtrk.com/download?id=2623811" length="1024" type="audio/mpeg"></enclosure>
      <guid>2623811</guid>
    </item>
    <item>
      <title>Выпуск 879. То да Сё № 22</title>
      <link>https://smotrim.ru/audio/2622374</link>
      <description></description>
      <enclosure url="https://audio.vgtrk.com/download?id=2622374" length="1024" type="audio/mpeg"></enclosure>
      <guid>2622374</guid>
    </item>
    <item>
      <title>Выпуск 878. Целительная сила музыки</title>
      <link>https://smotrim.ru/audio/2621443</link>
      <description></description>
      <enclosure url="https://audio.vgtrk.com/download?id=2621443" length="1024" type="audio/mpeg"></enclosure>
      <guid>2621443</guid>
    </item>
    <item>
      <title>Выпуск 877. Новые Песни Марта</title>
      <link>https://smotrim.ru/audio/2619992</link>
      <description></description>
      <enclosure url="https://audio.vgtrk.com/download?id=2619992" length="1024" type="audio/mpeg"></enclosure>
      <guid>2619992</guid>
    </item>
    <item>
      <title>Выпуск 876. Шаманизм</title>
      <link>https://smotrim.ru/audio/2618401</link>
      <description></description>
      <enclosure url="https://audio.vgtrk.com/download?id=2618401" length="1024" type="audio/mpeg"></enclosure>
      <guid>2618401</guid>
    </item>
    <item>
      <title>Выпуск 875. Новые Имена</title>
      <link>https://smotrim.ru/audio/2617736</link>
      <description></description>
      <enclosure url="https://audio.vgtrk.com/download?id=2617736" length="1024" type="audio/mpeg"></enclosure>
      <guid>2617736</guid>
    </item>
    <item>
      <title>Выпуск 874. То да сё № 21</title>
      <link>https://smotrim.ru/audio/2615992</link>
      <description></description>
      <enclosure url="https://audio.vgtrk.com/download?id=2615992" length="1024" type="audio/mpeg"></enclosure>
      <guid>2615992</guid>
    </item>
    <item>
      <title>Выпуск 873. Новые Песни Февраля</title>
      <link>https://smotrim.ru/audio/2614575</link>
      <description></description>
      <enclosure url="https://audio.vgtrk.com/download?id=2614575" length="1024" type="audio/mpeg"></enclosure>
      <guid>2614575</guid>
    </item>
    <item>
      <title>Выпуск 872. Имболк: Романтизм</title>
      <link>https://smotrim.ru/audio/2613623</link>
      <description></description>
      <enclosure url="https://audio.vgtrk.com/download?id=2613623" length="1024" type="audio/mpeg"></enclosure>
      <guid>2613623</guid>
    </item>
    <item>
      <title>Выпуск 871. Кто Есть Кто?</title>
      <link>https://smotrim.ru/audio/2611838</link>
      <description></description>
      <enclosure url="https://audio.vgtrk.com/download?id=2611838" length="1024" type="audio/mpeg"></enclosure>
      <guid>2611838</guid>
    </item>
    <item>
      <title>Выпуск 870. То и Сё № 20</title>
      <link>https://smotrim.ru/audio/2610401</link>
      <description></description>
      <enclosure url="https://audio.vgtrk.com/download?id=2610401" length="1024" type="audio/mpeg"></enclosure>
      <guid>2610401</guid>
    </item>
    <item>
      <title>Выпуск 869. Новые Песни Января</title>
      <link>https://smotrim.ru/audio/2607924</link>
      <description></description>
      <enclosure url="https://audio.vgtrk.com/download?id=2607924" length="1024" type="audio/mpeg"></enclosure>
      <guid>2607924</guid>
    </item>
    <item>
      <title>Выпуск 868. Новогодние притчи</title>
      <link>https://smotrim.ru/audio/2607923</link>
      <description></description>
      <enclosure url="https://audio.vgtrk.com/download?id=2607923" length="1024" type="audio/mpeg"></enclosure>
      <guid>2607923</guid>
    </item>
    <item>
      <title>Выпуск 867. Предновогодняя</title>
      <link>https://smotrim.ru/audio/2606839</link>
      <description></description>
      <enclosure url="https://audio.vgtrk.com/download?id=2606839" length="1024" type="audio/mpeg"></enclosure>
      <guid>2606839</guid>
    </item>
    <item>
      <title>Выпуск 866. Роберт Плант и Элисон Краусс</title>
      <link>https://smotrim.ru/audio/2605330</link>
      <description></description>
      <enclosure url="https://audio.vgtrk.com/download?id=2605330" length="1024" type="audio/mpeg"></enclosure>
      <guid>2605330</guid>
    </item>
    <item>
      <title>Выпуск 865. 8 Наблюдений</title>
      <link>https://smotrim.ru/audio/2603883</link>
      <description></description>
      <enclosure url="https://audio.vgtrk.com/download?id=2603883" length="1024" type="audio/mpeg"></enclosure>
      <guid>2603883</guid>
    </item>
  </channel>
</rss>