<div class="brand__list--wrap--item">
                                    <div class="photo-wrap">
                                                                                    <a href="/brand/57083/episode/2237849" class="photo-wrap__link">
                                                <img src="https://cdn-st2.rtr-vesti.ru/vh/pictures/bw/207/010/1.jpg"
                                                     alt="Ансамбль "Pied Pipers" | public domain">
                                                <!-- если фото > 1 [ -->
                                                                                            <!-- ] если фото > 1 -->
                                            </a>
                                                                            </div>
                                    <a href="/brand/57083/episode/2237849"
                                       class="brand-time brand-menu-link">26.01.2020 в 14:10</a>
                                    <a href="/brand/57083/episode/2237849" class="title brand-menu-link">Новые имена 27</a>
                                    <a href="/brand/57083/episode/2237849" class="more-info brand-menu-link">Подробнее</a>

                                                                        <!-- если есть аудио[ -->
                                        <div class="audio-count" data-type="audio"
                                             data-id="2467579"></div>
&&&
<div class="brand__list--wrap--item">
                                    <div class="photo-wrap">
                                                                                    <a href="/brand/57083/episode/2237781" class="photo-wrap__link">
                                                <img src="https://cdn-st1.rtr-vesti.ru/vh/pictures/bw/183/795/6.jpg"
                                                     alt="The Cure | momento mori, Malaysia">
                                                <!-- если фото > 1 [ -->
                                                                                            <!-- ] если фото > 1 -->
                                            </a>
                                                                            </div>
                                    <a href="/brand/57083/episode/2237781"
                                       class="brand-time brand-menu-link">19.01.2020 в 14:10</a>
                                    <a href="/brand/57083/episode/2237781" class="title brand-menu-link">The Cure</a>
                                    <a href="/brand/57083/episode/2237781" class="more-info brand-menu-link">Подробнее</a>

                                                                        <!-- если есть аудио[ -->
                                        <div class="audio-count" data-type="audio"
                                             data-id="2466052"></div>
&&&
<div class="brand__list--wrap--item">
                                    <div class="photo-wrap">
                                                                                    <a href="/brand/57083/episode/2236152" class="photo-wrap__link">
                                                <img src="https://cdn-st1.rtr-vesti.ru/vh/pictures/bw/206/728/8.jpg"
                                                     alt="Американская музыкальная группа "Bonny Light Horseman"">
                                                <!-- если фото > 1 [ -->
                                                                                            <!-- ] если фото > 1 -->
                                            </a>
                                                                            </div>
                                    <a href="/brand/57083/episode/2236152"
                                       class="brand-time brand-menu-link">12.01.2020 в 14:10</a>
                                    <a href="/brand/57083/episode/2236152" class="title brand-menu-link">Новые песни января</a>
                                    <a href="/brand/57083/episode/2236152" class="more-info brand-menu-link">Подробнее</a>

                                                                        <!-- если есть аудио[ -->
                                        <div class="audio-count" data-type="audio"
                                             data-id="2464622"></div>
&&&
<div class="brand__list--wrap--item">
                                    <div class="photo-wrap">
                                                                                    <a href="/brand/57083/episode/2234173" class="photo-wrap__link">
                                                <img src="https://cdn-st2.rtr-vesti.ru/vh/pictures/bw/206/485/7.jpg"
                                                     alt="Мир бесконечно больше и разнообразнее | фото "Новости Афона"">
                                                <!-- если фото > 1 [ -->
                                                                                            <!-- ] если фото > 1 -->
                                            </a>
                                                                            </div>
                                    <a href="/brand/57083/episode/2234173"
                                       class="brand-time brand-menu-link">05.01.2020 в 14:10</a>
                                    <a href="/brand/57083/episode/2234173" class="title brand-menu-link">Новогодние притчи</a>
                                    <a href="/brand/57083/episode/2234173" class="more-info brand-menu-link">Подробнее</a>

                                                                        <!-- если есть аудио[ -->
                                        <div class="audio-count" data-type="audio"
                                             data-id="2463470"></div>
&&&
<div class="brand__list--wrap--item">
                                    <div class="photo-wrap">
                                                                                    <a href="/brand/57083/episode/2233216" class="photo-wrap__link">
                                                <img src="https://cdn-st2.rtr-vesti.ru/vh/pictures/bw/206/328/1.jpg"
                                                     alt="фото pixabay.com">
                                                <!-- если фото > 1 [ -->
                                                                                            <!-- ] если фото > 1 -->
                                            </a>
                                                                            </div>
                                    <a href="/brand/57083/episode/2233216"
                                       class="brand-time brand-menu-link">29.12.2019 в 14:10</a>
                                    <a href="/brand/57083/episode/2233216" class="title brand-menu-link">С наступающим!</a>
                                    <a href="/brand/57083/episode/2233216" class="more-info brand-menu-link">Подробнее</a>

                                                                        <!-- если есть аудио[ -->
                                        <div class="audio-count" data-type="audio"
                                             data-id="2462338"></div>
&&&
<div class="brand__list--wrap--item">
                                    <div class="photo-wrap">
                                                                                    <a href="/brand/57083/episode/2231513" class="photo-wrap__link">
                                                <img src="https://cdn-st1.rtr-vesti.ru/vh/pictures/bw/185/021/2.jpg"
                                                     alt="">
                                                <!-- если фото > 1 [ -->
                                                                                                    <div class="count">2</div>
                                                                                        <!-- ] если фото > 1 -->
                                            </a>
                                                                            </div>
                                    <a href="/brand/57083/episode/2231513"
                                       class="brand-time brand-menu-link">22.12.2019 в 14:10</a>
                                    <a href="/brand/57083/episode/2231513" class="title brand-menu-link">Рождество</a>
                                    <a href="/brand/57083/episode/2231513" class="more-info brand-menu-link">Подробнее</a>

                                                                        <!-- если есть аудио[ -->
                                        <div class="audio-count" data-type="audio"
                                             data-id="2460859"></div>
&&&
<div class="brand__list--wrap--item">
                                    <div class="photo-wrap">
                                                                                    <a href="/brand/57083/episode/2229234" class="photo-wrap__link">
                                                <img src="https://cdn-st1.rtr-vesti.ru/vh/pictures/bw/205/377/2.jpg"
                                                     alt="Магистр Йода из "Звёздных войн"">
                                                <!-- если фото > 1 [ -->
                                                                                            <!-- ] если фото > 1 -->
                                            </a>
                                                                            </div>
                                    <a href="/brand/57083/episode/2229234"
                                       class="brand-time brand-menu-link">15.12.2019 в 14:10</a>
                                    <a href="/brand/57083/episode/2229234" class="title brand-menu-link">"То да сё # 6" (Сила музыки)</a>
                                    <a href="/brand/57083/episode/2229234" class="more-info brand-menu-link">Подробнее</a>

                                                                        <!-- если есть аудио[ -->
                                        <div class="audio-count" data-type="audio"
                                             data-id="2459405"></div>
&&&
<div class="brand__list--wrap--item">
                                    <div class="photo-wrap">
                                                                                    <a href="/brand/57083/episode/2226836" class="photo-wrap__link">
                                                <img src="https://cdn-st3.rtr-vesti.ru/vh/pictures/bw/198/971/8.jpg"
                                                     alt="Английская фолк-певица Кейт Расби">
                                                <!-- если фото > 1 [ -->
                                                                                                    <div class="count">2</div>
                                                                                        <!-- ] если фото > 1 -->
                                            </a>
                                                                            </div>
                                    <a href="/brand/57083/episode/2226836"
                                       class="brand-time brand-menu-link">08.12.2019 в 14:10</a>
                                    <a href="/brand/57083/episode/2226836" class="title brand-menu-link">Новые песни декабря</a>
                                    <a href="/brand/57083/episode/2226836" class="more-info brand-menu-link">Подробнее</a>

                                                                        <!-- если есть аудио[ -->
                                        <div class="audio-count" data-type="audio"
                                             data-id="2457932"></div>
&&&
<div class="brand__list--wrap--item">
                                    <div class="photo-wrap">
                                                                                    <a href="/brand/57083/episode/2223937" class="photo-wrap__link">
                                                <img src="https://cdn-st4.rtr-vesti.ru/vh/pictures/bw/204/339/5.jpg"
                                                     alt="Британский певец, мультиинструменталист Джефф Линн (Jeff Lynne), "Оркестр электрического света" (ELO)">
                                                <!-- если фото > 1 [ -->
                                                                                            <!-- ] если фото > 1 -->
                                            </a>
                                                                            </div>
                                    <a href="/brand/57083/episode/2223937"
                                       class="brand-time brand-menu-link">01.12.2019 в 14:10</a>
                                    <a href="/brand/57083/episode/2223937" class="title brand-menu-link">То да сё № 5</a>
                                    <a href="/brand/57083/episode/2223937" class="more-info brand-menu-link">Подробнее</a>

                                                                        <!-- если есть аудио[ -->
                                        <div class="audio-count" data-type="audio"
                                             data-id="2456411"></div>
&&&
<div class="brand__list--wrap--item">
                                    <div class="photo-wrap">
                                                                                    <a href="/brand/57083/episode/2222868" class="photo-wrap__link">
                                                <img src="https://cdn-st1.rtr-vesti.ru/vh/pictures/bw/147/250/0.jpg"
                                                     alt="Джефф Линн">
                                                <!-- если фото > 1 [ -->
                                                                                            <!-- ] если фото > 1 -->
                                            </a>
                                                                            </div>
                                    <a href="/brand/57083/episode/2222868"
                                       class="brand-time brand-menu-link">24.11.2019 в 14:10</a>
                                    <a href="/brand/57083/episode/2222868" class="title brand-menu-link">ELO: "Из ниоткуда" 2019</a>
                                    <a href="/brand/57083/episode/2222868" class="more-info brand-menu-link">Подробнее</a>

                                                                        <!-- если есть аудио[ -->
                                        <div class="audio-count" data-type="audio"
                                             data-id="2454907"></div>