<?xml version="1.0" encoding="UTF-8"?><rss version="2.0" xmlns:content="http://purl.org/rss/1.0/modules/content/">
  <channel>
    <title>&#34;Джазовое настроение&#34;</title>
    <link>http://www.radiorus.ru/brand/63147/episodes</link>
    <description></description>
    <image>
      <url>https://cdn-st1.rtr-vesti.ru/vh/pictures/xw/124/666/0.jpg</url>
      <title>&#34;Джазовое настроение&#34;</title>
      <link>http://www.radiorus.ru/brand/63147/episodes</link>
    </image>
  </channel>
</rss>