<!DOCTYPE html>
<html>
<head>
    <meta charset="utf-8">
    <title>Описание / "Аэростат" / Радиостанция «Радио России»</title>
    <meta name="viewport" content="width=device-width, initial-scale=1, shrink-to-fit=no">
    <meta http-equiv="X-UA-Compatible" content="IE=edge">
                <meta property="og:title" content="Описание / "Аэростат" / Радиостанция «Радио России»">
    <meta property="og:description" content="Программа Бориса Гребенщикова "Аэростат" посвящена истории рок-музыки.  Спокойный и ненавязчивый рассказ БГ субъективен, но именно это придает ему особую ценность...">
    <meta property="og:type" content="website">
    <meta property="og:url" content="https://www.radiorus.ru/brand/57083/about">
        <meta property="og:image" content="https://cdn-st4.rtr-vesti.ru/vh/pictures/xw/124/617/1.jpg">
                <link rel="stylesheet" href="/css/main.min.css?v=0.0.34">
    <link href="/favicon.ico?v=0.0.34" rel="shortcut icon">
</head>
<body><div class="header">
    <div class="search-open"></div>
    <div class="search">
        <div class="search-close"></div>
        <a href="/" class="search-logo"></a>
        <div class="search-phone"><a href="tel:+78002229992"></a><span>+7 800 <b>222 999 2</b></span></div>
        <a href="/social"></a>
        <div class="search-social">
            <a class="social__android" href="https://play.google.com/store/apps/details?id=mobi.mpk.radiorus&hl=ru"></a>
            <a class="social__ios" href="https://itunes.apple.com/ru/app/id1256377747?l=en&mt=8"></a>
        </div>

        <form action="/search" class="no-ajaxy">
            <label for="query">Поиск по сайту</label>
            <input type="text" id="query" value="" name="q" placeholder="поиск" autocomplete="off">
            <input type="submit" value="Найти">
        </form>
    </div>
    <div class="menu">
    <ul>
                    <li >
                <a
                                        href="/news/date/27-01-2020">"Вести"</a></li>
                    <li >
                <a
                                        href="/tvp/date/27-01-2020">Сетка вещания</a></li>
                    <li  class="main " >
                <a
                                        href="/"></a></li>
                    <li >
                <a
                         class="active"                 href="/brands">Программы / Подкасты</a></li>
                    <li >
                <a
                                        href="/contacts">Контакты</a></li>
            </ul>
</div>
<div class="mobile-menu">
    <div class="mobile-menu__open"></div>
    <div class="mobile-menu__list">
        <a href="/" class="logo"></a>
        <ul>
                                                <li ><a href="/news/date/27-01-2020">"Вести"</a></li>
                                                                <li ><a href="/tvp/date/27-01-2020">Сетка вещания</a></li>
                                                                                            <li  class="active" ><a href="/brands">Программы / Подкасты</a></li>
                                                                <li ><a href="/contacts">Контакты</a></li>
                                        <li ><a href="/social">Соцсети</a></li>
            <li class="apps">
                <a class="social__android" href="https://play.google.com/store/apps/details?id=mobi.mpk.radiorus&hl=ru"></a>
                <a class="social__ios" href="https://itunes.apple.com/ru/app/id1256377747?l=en&mt=8"></a>
            </li>
        </ul>

    </div>
</div>

    <a href="/" class="mobile-logo "></a>
    <div class="phone"><a href="tel:+78002229992"></a><span>+7 800 <b>222 999 2</b></span></div>
    <a href="/social"></a>
    <div class="social">
        <a class="social__android" href="https://play.google.com/store/apps/details?id=mobi.mpk.radiorus&hl=ru"></a>
        <a class="social__ios" href="https://itunes.apple.com/ru/app/id1256377747?l=en&mt=8"></a>
    </div>
</div>
<div id="page" class="page">
    
    <div class="content">
        <div class="brand">

            <div class="brand-promo">
    <h2><a href="/brand/57083">"Аэростат"</a></h2>
    <div class="brand-promo__hash">
                                    <a href="/tags/2550">#Борис Гребенщиков</a>
                            <a href="/tags/23296">#аэростат</a>
                            <a href="/tags/190722">#музыкальный</a>
                        </div>
            <div class="brand-promo__header">
            <img src="https://cdn-st4.rtr-vesti.ru/vh/pictures/xw/124/617/1.jpg" alt='"Аэростат"'>
                                                                                                                        </div>
    </div>
            <div class="episode-filtres">
                <div class="brand__menu_tab swiper-container">
    <div class="swiper-wrapper">
                                                        <div class="item swiper-slide"><a href="/brand/57083/episodes" class="brand-menu-link">выпуски</a></div>
                                                                <div class="item active swiper-slide"><a href="/brand/57083/about" class="brand-menu-link">описание</a></div>
                                        </div>
</div>
            </div>

            <div class="brand__content">
                <div class="brand__content_title"><p></p></div>                 <div class="brand__content_text">
                    <p class="brand__content_text__title">"Аэростат"</p>
                    <div class="brand__content_text__anons"><p align="justify">Вы не можете быть до конца уверены, что на этот раз вам откроет БГ – будь то взгляд на группу Doors или столь глобальные вопросы, как: что такое новое время, как делится история мира в соответствии с древней индийской космогонией, стоит ли ждать ветра перемен, ждет ли нас духовное возрождение, где граница между прошлым и будущим. А может и вовсе не стоит искать ответы на эти вопросы? Потому что это не те вопросы, а потому и ответы не приведут вас к истине...</p>

<p align="justify">Прислушаемся к Борису Гребенщикову, который с улыбкой говорит всем нам "Здравствуйте!" и находит самые простые ответы...</p></div>

                                            <div class="brand__content_text__persons">
                            <div class="brand__content_text__persons_title">Ведущие</div>

                                                            <div class="brand__content_text__persons_item">
                                    <div class="brand__content_text__persons_item_photo">
                                        <a href="/person/210324">
                                                                                            <img src="https://cdn-st2.rtr-vesti.ru/vh/pictures/r/287/293.jpg" alt="Борис Гребенщиков">
                                                                                    </a>
                                    </div>
                                    <div class="brand__content_text__persons_item_name">
                                        <a href="/person/210324">
                                            <p>Борис Гребенщиков</p>
                                            <div>Музыкант</div>
                                        </a>
                                    </div>
                                    <div class="brand__content_text__persons_item_brands">
                                                                            </div>
                                </div>
                            
                        </div>
                    
                </div>
            </div>
        </div>
    </div>

</div>
<div class="footer">
    <div class="wrapper bigger-block">
                <a class="about" href="/about">О Радио России</a>
        <div class="line-c"></div>
                                                                            <div class="footer-blocks">
            <div class="block link">
                <a href="http://www.cultradio.ru/" target="_blank">&laquo;Радио России - Культура&raquo;</a>
            </div>
            <div class="block link">
                <a href="http://deti.radiorus.ru/" target="_blank">Программа &laquo;Детский вопрос&raquo;</a>
            </div>
        </div>

        
        <div class="foot-text">
            <p>&copy; Все права на любые материалы, опубликованные на сайте, защищены в соответствии с российским и международным законодательством об авторском праве и смежных правах.</p>
            <p>Использование любых аудио-, фото- и видеоматериалов, размещенных на сайте, допускается только с разрешения правообладателя и ссылкой на сайт radiorus.ru. При полной или частичной перепечатке текстовых материалов в интернете гиперссылка на radiorus.ru обязательна. Техническое сопровождение: Дирекция информационных технологий ВГТРК. Для детей старше 16 лет.</p>
            <div class="clear"></div>
            <p class="error-message">На сайте функционирует система коррекции ошибок. Обнаружив неточность в тексте, выделите ее и нажмите Ctrl+Enter.</p>
            <div class="counters">

                <span id="liru_wrap"></span>
                <script type="text/javascript">

                    window.loadLiRu = function() {
                        var a_liru = document.createElement('a');
                        a_liru.href = 'https://www.liveinternet.ru/click';
                        a_liru.target = '_blank';
                        var img_liru = document.createElement('img');
                        img_liru.title = 'liveinternet.ru';
                        img_liru.src = 'https://counter.yadro.ru/hit?t24.10;r' +
                            escape(document.referrer)+((typeof(screen)=='undefined')?'':
                                ';s'+screen.width+'*'+screen.height+'*'+(screen.colorDepth?
                                screen.colorDepth:screen.pixelDepth))+';u'+escape(document.URL)+
                            ';'+Math.random();
                        img_liru.width = 88;
                        img_liru.height = 15;
                        img_liru.style = 'border: none';
                        a_liru.appendChild(img_liru);

                        document.querySelector('#liru_wrap').innerHTML = a_liru.outerHTML;
                    }

                    window.loadLiRu();

                </script>


                <div id='Rambler-counter'>
                    <noscript>
                        <a href="https://top100.rambler.ru/navi/208028/">
                            <img src="https://counter.rambler.ru/top100.cnt?208028"
                                 alt="Rambler's Top100" border="0"/>
                        </a>
                    </noscript>
                </div>
                <script type="text/javascript">
                    var _top100q = _top100q || [];
                    _top100q.push(['setAccount', '208028']);
                    _top100q.push(['trackPageviewByLogo',
                        document.getElementById('Rambler-counter')]);

                    (function () {
                        var pa   = document.createElement("script");
                        pa.type  = "text/javascript";
                        pa.async = true;
                        pa.src   = ("https:" == document.location.protocol ?
                            "https:" : "http:") + "//st.top100.ru/top100/top100.js";
                        var s    = document.getElementsByTagName("script")[0];
                        s.parentNode.insertBefore(pa, s);
                    })();
                </script>


                <!-- Yandex.Metrika counter -->
                <script type="text/javascript" >
                    (function (d, w, c) {
                        (w[c] = w[c] || []).push(function() {
                            try {
                                w.yaCounter48552353 = new Ya.Metrika({
                                    id:48552353,
                                    clickmap:true,
                                    trackLinks:true,
                                    accurateTrackBounce:true,
                                    webvisor:true,
                                    trackHash:true
                                });
                            } catch(e) { }
                        });
                        var n = d.getElementsByTagName("script")[0],
                            s = d.createElement("script"),
                            f = function () {
                                n.parentNode.insertBefore(s, n); };
                        s.type = "text/javascript";
                        s.async = true;
                        s.src = "https://mc.yandex.ru/metrika/watch.js";
                        if (w.opera == "[object Opera]") {
                            d.addEventListener("DOMContentLoaded", f, false);
                        } else { f(); }
                    })(document, window, "yandex_metrika_callbacks"); </script>
                <noscript><div><img src="https://mc.yandex.ru/watch/48552353" style="position:absolute; left:-9999px;" alt="" /></div></noscript>
                <!-- /Yandex.Metrika counter -->

                <script>
                    (function(i,s,o,g,r,a,m){i['GoogleAnalyticsObject']=r;i[r]=i[r]||function(){
                        (i[r].q=i[r].q||[]).push(arguments)},i[r].l=1*new Date();a=s.createElement(o),
                        m=s.getElementsByTagName(o)[0];a.async=1;a.src=g;m.parentNode.insertBefore(a,m)
                    })(window,document,'script','//www.google-analytics.com/analytics.js','ga');

                    ga('create', 'UA-45050991-1', 'radiorus.ru');
                    ga('send', 'pageview');

                </script>

                <!-- tns-counter.ru -->
                <script type="text/javascript">
                    (function(win, doc, cb){
                        (win[cb] = win[cb] || []).push(function() {
                            try {
                                tnsCounterVgtrk_ru = new TNS.TnsCounter({
                                    'account':'vgtrk_ru',
                                    'tmsec': 'radiorus_total'
                                });
                            } catch(e){}
                        });

                        var tnsscript = doc.createElement('script');
                        tnsscript.type = 'text/javascript';
                        tnsscript.async = true;
                        tnsscript.src = ('https:' == doc.location.protocol ? 'https:' : 'http:') +
                            '//www.tns-counter.ru/tcounter.js';
                        var s = doc.getElementsByTagName('script')[0];
                        s.parentNode.insertBefore(tnsscript, s);
                    })(window, this.document,'tnscounter_callback');
                </script>
                <noscript>
                    <img src="//www.tns-counter.ru/V13a****vgtrk_ru/ru/UTF-8/tmsec=radiorus_total/" width="0" height="0" alt="" />
                </noscript>
                <!--/ tns-counter.ru -->

            </div>
        </div>

    </div>


</div>

<div class="gallery-container"></div><div class="player">
    <div class="player-timeline flow-default">
        <div class="player-timeline-swiper swiper-container">
            <div class="swiper-wrapper">
                                    <div class="timeline-item swiper-slide">
                                                     <div class="timeline-episode" data-itemid="2472401">
                                                                                     <img src="https://cdn-st1.rtr-vesti.ru/vh/pictures/r/183/779/6.jpg" alt=""Вести"">
                                                          <div class="timeline-episode__info">
                                 <p class="start">"Вести"</p>
                                 <p>Начало в 08:00
                                                                              <a href="/brand/57098">"Вести"</a>
                                                                      </p>
                             </div>
                             <div class="equaliser">
                                 <div class="bar first"></div>
                                 <div class="bar second"></div>
                                 <div class="bar third"></div>
                                 <div class="bar fourth"></div>
                                 <div class="bar fifth"></div>
                             </div>
                             <div class="start"></div>
                        </div>
                    </div>
                                    <div class="timeline-item swiper-slide">
                                                                                    <div class="timeline-episode" data-type="audio" data-id="2467669" data-itemid="2472402">
                                                                                                                 <img src="https://cdn-st4.rtr-vesti.ru/vh/pictures/r/109/817/5.jpg" alt="Сексуальные домогательства на работе: российская специфика">
                                                          <div class="timeline-episode__info">
                                 <p class="start">Сексуальные домогательства на работе: российская специфика</p>
                                 <p>Начало в 08:10
                                                                              <a href="/brand/59306">"Сигналы точного времени"</a>
                                                                      </p>
                             </div>
                             <div class="equaliser">
                                 <div class="bar first"></div>
                                 <div class="bar second"></div>
                                 <div class="bar third"></div>
                                 <div class="bar fourth"></div>
                                 <div class="bar fifth"></div>
                             </div>
                             <div class="start"></div>
                        </div>
                    </div>
                                    <div class="timeline-item swiper-slide">
                                                                                    <div class="timeline-episode" data-type="audio" data-id="2467668" data-itemid="2478059">
                                                                                                                 <img src="https://cdn-st3.rtr-vesti.ru/vh/pictures/r/143/908/2.jpg" alt="Разведённых родителей обязали оплачивать ребёнку жильё">
                                                          <div class="timeline-episode__info">
                                 <p class="start">Разведённых родителей обязали оплачивать ребёнку жильё</p>
                                 <p>Начало в 08:30
                                                                              <a href="/brand/59306">"Сигналы точного времени"</a>
                                                                      </p>
                             </div>
                             <div class="equaliser">
                                 <div class="bar first"></div>
                                 <div class="bar second"></div>
                                 <div class="bar third"></div>
                                 <div class="bar fourth"></div>
                                 <div class="bar fifth"></div>
                             </div>
                             <div class="start"></div>
                        </div>
                    </div>
                                    <div class="timeline-item swiper-slide">
                                                     <div class="timeline-episode" data-itemid="2472403">
                                                                                     <img src="https://cdn-st1.rtr-vesti.ru/vh/pictures/r/183/779/6.jpg" alt=""Вести"">
                                                          <div class="timeline-episode__info">
                                 <p class="start">"Вести"</p>
                                 <p>Начало в 09:00
                                                                              <a href="/brand/57098">"Вести"</a>
                                                                      </p>
                             </div>
                             <div class="equaliser">
                                 <div class="bar first"></div>
                                 <div class="bar second"></div>
                                 <div class="bar third"></div>
                                 <div class="bar fourth"></div>
                                 <div class="bar fifth"></div>
                             </div>
                             <div class="start"></div>
                        </div>
                    </div>
                                    <div class="timeline-item swiper-slide">
                                                                                    <div class="timeline-episode" data-type="audio" data-id="2467675" data-itemid="2472404">
                                                                                                                 <img src="https://cdn-st3.rtr-vesti.ru/vh/pictures/r/203/555/4.jpg" alt="Что произойдет с человечеством в XXI веке">
                                                          <div class="timeline-episode__info">
                                 <p class="start">Что произойдет с человечеством в XXI веке</p>
                                 <p>Начало в 09:10
                                                                              <a href="/brand/59306">"Сигналы точного времени"</a>
                                                                      </p>
                             </div>
                             <div class="equaliser">
                                 <div class="bar first"></div>
                                 <div class="bar second"></div>
                                 <div class="bar third"></div>
                                 <div class="bar fourth"></div>
                                 <div class="bar fifth"></div>
                             </div>
                             <div class="start"></div>
                        </div>
                    </div>
                                    <div class="timeline-item swiper-slide">
                                                     <div class="timeline-episode" data-itemid="2472405">
                                                                                     <img src="https://cdn-st1.rtr-vesti.ru/vh/pictures/r/183/779/6.jpg" alt=""Вести"">
                                                          <div class="timeline-episode__info">
                                 <p class="start">"Вести"</p>
                                 <p>Начало в 10:00
                                                                              <a href="/brand/57098">"Вести"</a>
                                                                      </p>
                             </div>
                             <div class="equaliser">
                                 <div class="bar first"></div>
                                 <div class="bar second"></div>
                                 <div class="bar third"></div>
                                 <div class="bar fourth"></div>
                                 <div class="bar fifth"></div>
                             </div>
                             <div class="start"></div>
                        </div>
                    </div>
                                    <div class="timeline-item swiper-slide">
                                                                                    <div class="timeline-episode" data-type="audio" data-id="2467708" data-itemid="2472406">
                                                                                                                 <img src="https://cdn-st3.rtr-vesti.ru/vh/pictures/r/198/763/4.jpg" alt="Как поменялась мода">
                                                          <div class="timeline-episode__info">
                                 <p class="start">Как поменялась мода</p>
                                 <p>Начало в 10:10
                                                                              <a href="/brand/59306">"Сигналы точного времени"</a>
                                                                      </p>
                             </div>
                             <div class="equaliser">
                                 <div class="bar first"></div>
                                 <div class="bar second"></div>
                                 <div class="bar third"></div>
                                 <div class="bar fourth"></div>
                                 <div class="bar fifth"></div>
                             </div>
                             <div class="start"></div>
                        </div>
                    </div>
                                    <div class="timeline-item swiper-slide">
                                                     <div class="timeline-episode" data-itemid="2472407">
                                                                                     <img src="https://cdn-st1.rtr-vesti.ru/vh/pictures/r/183/779/6.jpg" alt=""Вести"">
                                                          <div class="timeline-episode__info">
                                 <p class="start">"Вести"</p>
                                 <p>Начало в 11:00
                                                                              <a href="/brand/57098">"Вести"</a>
                                                                      </p>
                             </div>
                             <div class="equaliser">
                                 <div class="bar first"></div>
                                 <div class="bar second"></div>
                                 <div class="bar third"></div>
                                 <div class="bar fourth"></div>
                                 <div class="bar fifth"></div>
                             </div>
                             <div class="start"></div>
                        </div>
                    </div>
                                    <div class="timeline-item swiper-slide">
                                                                                    <div class="timeline-episode" data-type="audio" data-id="2467256" data-itemid="2472699">
                                                                                                                 <img src="https://cdn-st4.rtr-vesti.ru/vh/pictures/r/127/921/9.jpg" alt="Московская филармония: Концертный зал имени П.И.Чайковского, часть 2.">
                                                          <div class="timeline-episode__info">
                                 <p class="start">Московская филармония: Концертный зал имени П.И.Чайковского, часть 2.</p>
                                 <p>Начало в 11:10
                                                                              <a href="/brand/64039">"Архитектура звука"</a>
                                                                      </p>
                             </div>
                             <div class="equaliser">
                                 <div class="bar first"></div>
                                 <div class="bar second"></div>
                                 <div class="bar third"></div>
                                 <div class="bar fourth"></div>
                                 <div class="bar fifth"></div>
                             </div>
                             <div class="start"></div>
                        </div>
                    </div>
                                    <div class="timeline-item swiper-slide">
                                                                                    <div class="timeline-episode" data-type="video" data-id="1989294" data-itemid="2472700">
                                                                                                                 <img src="https://cdn-st4.rtr-vesti.ru/vh/pictures/r/206/613/9.jpg" alt="Юлиан Семенов "Майор Вихрь". Серия 12-я">
                                                          <div class="timeline-episode__info">
                                 <p class="start">Юлиан Семенов "Майор Вихрь". Серия 12-я</p>
                                 <p>Начало в 11:30
                                                                              <a href="/brand/57128">"Литературный сериал"</a>
                                                                      </p>
                             </div>
                             <div class="equaliser">
                                 <div class="bar first"></div>
                                 <div class="bar second"></div>
                                 <div class="bar third"></div>
                                 <div class="bar fourth"></div>
                                 <div class="bar fifth"></div>
                             </div>
                             <div class="start"></div>
                        </div>
                    </div>
                                    <div class="timeline-item swiper-slide">
                                                     <div class="timeline-episode" data-itemid="2472701">
                                                                                     <img src="https://cdn-st3.rtr-vesti.ru/vh/pictures/r/174/427/0.jpg" alt="Музыкальная программа">
                                                          <div class="timeline-episode__info">
                                 <p class="start">Музыкальная программа</p>
                                 <p>Начало в 11:45
                                                                              <a href="/brand/63865">Музыкальная программа</a>
                                                                      </p>
                             </div>
                             <div class="equaliser">
                                 <div class="bar first"></div>
                                 <div class="bar second"></div>
                                 <div class="bar third"></div>
                                 <div class="bar fourth"></div>
                                 <div class="bar fifth"></div>
                             </div>
                             <div class="start"></div>
                        </div>
                    </div>
                                    <div class="timeline-item swiper-slide">
                                                     <div class="timeline-episode" data-itemid="2472702">
                                                                                     <img src="https://cdn-st1.rtr-vesti.ru/vh/pictures/r/183/779/6.jpg" alt=""Вести"">
                                                          <div class="timeline-episode__info">
                                 <p class="start">"Вести"</p>
                                 <p>Начало в 12:00
                                                                              <a href="/brand/57098">"Вести"</a>
                                                                      </p>
                             </div>
                             <div class="equaliser">
                                 <div class="bar first"></div>
                                 <div class="bar second"></div>
                                 <div class="bar third"></div>
                                 <div class="bar fourth"></div>
                                 <div class="bar fifth"></div>
                             </div>
                             <div class="start"></div>
                        </div>
                    </div>
                                    <div class="timeline-item swiper-slide">
                                                                                    <div class="timeline-episode" data-type="audio" data-id="2467730" data-itemid="2472703">
                                                                                                                 <img src="https://cdn-st3.rtr-vesti.ru/vh/pictures/r/194/594/2.jpg" alt="События, факты, комментарии">
                                                          <div class="timeline-episode__info">
                                 <p class="start">События, факты, комментарии</p>
                                 <p>Начало в 12:10
                                                                              <a href="/brand/61244">"Актуально"</a>
                                                                      </p>
                             </div>
                             <div class="equaliser">
                                 <div class="bar first"></div>
                                 <div class="bar second"></div>
                                 <div class="bar third"></div>
                                 <div class="bar fourth"></div>
                                 <div class="bar fifth"></div>
                             </div>
                             <div class="start"></div>
                        </div>
                    </div>
                                    <div class="timeline-item swiper-slide">
                                                                                    <div class="timeline-episode" data-type="audio" data-id="2467771" data-itemid="2478098">
                                                                                                                 <img src="https://cdn-st2.rtr-vesti.ru/vh/pictures/r/207/459/3.jpg" alt="Коронавирус наступает...">
                                                          <div class="timeline-episode__info">
                                 <p class="start">Коронавирус наступает...</p>
                                 <p>Начало в 12:11
                                                                              <a href="/brand/61244">"Актуально"</a>
                                                                      </p>
                             </div>
                             <div class="equaliser">
                                 <div class="bar first"></div>
                                 <div class="bar second"></div>
                                 <div class="bar third"></div>
                                 <div class="bar fourth"></div>
                                 <div class="bar fifth"></div>
                             </div>
                             <div class="start"></div>
                        </div>
                    </div>
                                    <div class="timeline-item swiper-slide">
                                                                                    <div class="timeline-episode" data-type="audio" data-id="2467769" data-itemid="2478137">
                                                                                                                 <img src="https://cdn-st4.rtr-vesti.ru/vh/pictures/r/207/458/3.jpg" alt="Поправки в Конституцию: как это будет?">
                                                          <div class="timeline-episode__info">
                                 <p class="start">Поправки в Конституцию: как это будет?</p>
                                 <p>Начало в 12:19
                                                                              <a href="/brand/61244">"Актуально"</a>
                                                                      </p>
                             </div>
                             <div class="equaliser">
                                 <div class="bar first"></div>
                                 <div class="bar second"></div>
                                 <div class="bar third"></div>
                                 <div class="bar fourth"></div>
                                 <div class="bar fifth"></div>
                             </div>
                             <div class="start"></div>
                        </div>
                    </div>
                                    <div class="timeline-item swiper-slide">
                                                                                    <div class="timeline-episode" data-type="audio" data-id="2467765" data-itemid="2478099">
                                                                                                                 <img src="https://cdn-st1.rtr-vesti.ru/vh/pictures/r/201/900/0.jpg" alt="Программу реновации жилья предложили для всей страны">
                                                          <div class="timeline-episode__info">
                                 <p class="start">Программу реновации жилья предложили для всей страны</p>
                                 <p>Начало в 12:26
                                                                              <a href="/brand/61244">"Актуально"</a>
                                                                      </p>
                             </div>
                             <div class="equaliser">
                                 <div class="bar first"></div>
                                 <div class="bar second"></div>
                                 <div class="bar third"></div>
                                 <div class="bar fourth"></div>
                                 <div class="bar fifth"></div>
                             </div>
                             <div class="start"></div>
                        </div>
                    </div>
                                    <div class="timeline-item swiper-slide">
                                                                                    <div class="timeline-episode" data-type="audio" data-id="2467763" data-itemid="2478119">
                                                                                                                 <img src="https://cdn-st4.rtr-vesti.ru/vh/pictures/r/207/438/7.jpg" alt="Рубль определённо понравится вкладчикам">
                                                          <div class="timeline-episode__info">
                                 <p class="start">Рубль определённо понравится вкладчикам</p>
                                 <p>Начало в 12:33
                                                                              <a href="/brand/61244">"Актуально"</a>
                                                                      </p>
                             </div>
                             <div class="equaliser">
                                 <div class="bar first"></div>
                                 <div class="bar second"></div>
                                 <div class="bar third"></div>
                                 <div class="bar fourth"></div>
                                 <div class="bar fifth"></div>
                             </div>
                             <div class="start"></div>
                        </div>
                    </div>
                                    <div class="timeline-item swiper-slide">
                                                                                    <div class="timeline-episode" data-type="audio" data-id="2467756" data-itemid="2478061">
                                                                                                                 <img src="https://cdn-st2.rtr-vesti.ru/vh/pictures/r/197/736/5.jpg" alt="Глава МИД ФРГ призвал усилить борьбу с антисемитизмом в стране">
                                                          <div class="timeline-episode__info">
                                 <p class="start">Глава МИД ФРГ призвал усилить борьбу с антисемитизмом в стране</p>
                                 <p>Начало в 12:39
                                                                              <a href="/brand/61244">"Актуально"</a>
                                                                      </p>
                             </div>
                             <div class="equaliser">
                                 <div class="bar first"></div>
                                 <div class="bar second"></div>
                                 <div class="bar third"></div>
                                 <div class="bar fourth"></div>
                                 <div class="bar fifth"></div>
                             </div>
                             <div class="start"></div>
                        </div>
                    </div>
                                    <div class="timeline-item swiper-slide">
                                                                                    <div class="timeline-episode" data-type="audio" data-id="2467755" data-itemid="2478062">
                                                                                                                 <img src="https://cdn-st2.rtr-vesti.ru/vh/pictures/r/207/450/5.jpg" alt=""Новости спорта"">
                                                          <div class="timeline-episode__info">
                                 <p class="start">"Новости спорта"</p>
                                 <p>Начало в 12:46
                                                                              <a href="/brand/61244">"Актуально"</a>
                                                                      </p>
                             </div>
                             <div class="equaliser">
                                 <div class="bar first"></div>
                                 <div class="bar second"></div>
                                 <div class="bar third"></div>
                                 <div class="bar fourth"></div>
                                 <div class="bar fifth"></div>
                             </div>
                             <div class="start"></div>
                        </div>
                    </div>
                                    <div class="timeline-item swiper-slide">
                                                                                    <div class="timeline-episode" data-type="audio" data-id="2467753" data-itemid="2478063">
                                                                                                                 <img src="https://cdn-st4.rtr-vesti.ru/vh/pictures/r/207/495/9.jpg" alt=""Актуально" о культуре с Дарьей Седовой">
                                                          <div class="timeline-episode__info">
                                 <p class="start">"Актуально" о культуре с Дарьей Седовой</p>
                                 <p>Начало в 12:52
                                                                              <a href="/brand/61244">"Актуально"</a>
                                                                      </p>
                             </div>
                             <div class="equaliser">
                                 <div class="bar first"></div>
                                 <div class="bar second"></div>
                                 <div class="bar third"></div>
                                 <div class="bar fourth"></div>
                                 <div class="bar fifth"></div>
                             </div>
                             <div class="start"></div>
                        </div>
                    </div>
                                    <div class="timeline-item swiper-slide">
                                                     <div class="timeline-episode" data-itemid="2472704">
                                                                                     <img src="https://cdn-st1.rtr-vesti.ru/vh/pictures/r/183/779/6.jpg" alt=""Вести"">
                                                          <div class="timeline-episode__info">
                                 <p class="start">"Вести"</p>
                                 <p>Начало в 13:00
                                                                              <a href="/brand/57098">"Вести"</a>
                                                                      </p>
                             </div>
                             <div class="equaliser">
                                 <div class="bar first"></div>
                                 <div class="bar second"></div>
                                 <div class="bar third"></div>
                                 <div class="bar fourth"></div>
                                 <div class="bar fifth"></div>
                             </div>
                             <div class="start"></div>
                        </div>
                    </div>
                                    <div class="timeline-item swiper-slide">
                                                                                    <div class="timeline-episode" data-type="audio" data-id="2467744" data-itemid="2472705">
                                                                                                                 <img src="https://cdn-st2.rtr-vesti.ru/vh/pictures/r/201/257/7.jpg" alt="Естественная земная радиация, грозы и таинственные взрывы">
                                                          <div class="timeline-episode__info">
                                 <p class="start">Естественная земная радиация, грозы и таинственные взрывы</p>
                                 <p>Начало в 13:10
                                                                              <a href="/brand/63253">"Российский радиоуниверситет"</a>
                                                                      </p>
                             </div>
                             <div class="equaliser">
                                 <div class="bar first"></div>
                                 <div class="bar second"></div>
                                 <div class="bar third"></div>
                                 <div class="bar fourth"></div>
                                 <div class="bar fifth"></div>
                             </div>
                             <div class="start"></div>
                        </div>
                    </div>
                                    <div class="timeline-item swiper-slide">
                                                     <div class="timeline-episode" data-itemid="2472706">
                                                                                     <img src="https://cdn-st1.rtr-vesti.ru/vh/pictures/r/183/779/6.jpg" alt=""Вести"">
                                                          <div class="timeline-episode__info">
                                 <p class="start">"Вести"</p>
                                 <p>Начало в 14:00
                                                                              <a href="/brand/57098">"Вести"</a>
                                                                      </p>
                             </div>
                             <div class="equaliser">
                                 <div class="bar first"></div>
                                 <div class="bar second"></div>
                                 <div class="bar third"></div>
                                 <div class="bar fourth"></div>
                                 <div class="bar fifth"></div>
                             </div>
                             <div class="start"></div>
                        </div>
                    </div>
                                    <div class="timeline-item swiper-slide">
                                                                                    <div class="timeline-episode" data-type="audio" data-id="2467788" data-itemid="2472707">
                                                                                                                 <img src="https://cdn-st3.rtr-vesti.ru/vh/pictures/r/207/287/8.jpg" alt="День памяти жертв Холокоста">
                                                          <div class="timeline-episode__info">
                                 <p class="start">День памяти жертв Холокоста</p>
                                 <p>Начало в 14:10
                                                                              <a href="/brand/57958">"Действующие лица"</a>
                                                                      </p>
                             </div>
                             <div class="equaliser">
                                 <div class="bar first"></div>
                                 <div class="bar second"></div>
                                 <div class="bar third"></div>
                                 <div class="bar fourth"></div>
                                 <div class="bar fifth"></div>
                             </div>
                             <div class="start"></div>
                        </div>
                    </div>
                                    <div class="timeline-item swiper-slide">
                                                     <div class="timeline-episode" data-itemid="2472708">
                                                                                     <img src="https://cdn-st1.rtr-vesti.ru/vh/pictures/r/183/779/6.jpg" alt=""Вести"">
                                                          <div class="timeline-episode__info">
                                 <p class="start">"Вести"</p>
                                 <p>Начало в 15:00
                                                                              <a href="/brand/57098">"Вести"</a>
                                                                      </p>
                             </div>
                             <div class="equaliser">
                                 <div class="bar first"></div>
                                 <div class="bar second"></div>
                                 <div class="bar third"></div>
                                 <div class="bar fourth"></div>
                                 <div class="bar fifth"></div>
                             </div>
                             <div class="start"></div>
                        </div>
                    </div>
                                    <div class="timeline-item swiper-slide">
                                                     <div class="timeline-episode" data-itemid="2472709">
                                                                                     <img src="https://cdn-st3.rtr-vesti.ru/vh/pictures/r/201/858/6.jpg" alt=""Будьте здоровы"">
                                                          <div class="timeline-episode__info">
                                 <p class="start">"Будьте здоровы"</p>
                                 <p>Начало в 15:10
                                                                              <a href="/brand/63864">"Будьте здоровы"</a>
                                                                      </p>
                             </div>
                             <div class="equaliser">
                                 <div class="bar first"></div>
                                 <div class="bar second"></div>
                                 <div class="bar third"></div>
                                 <div class="bar fourth"></div>
                                 <div class="bar fifth"></div>
                             </div>
                             <div class="start"></div>
                        </div>
                    </div>
                                    <div class="timeline-item swiper-slide">
                                                                                    <div class="timeline-episode" data-type="video" data-id="1989394" data-itemid="2472710">
                                                                                                                 <img src="https://cdn-st2.rtr-vesti.ru/vh/pictures/r/194/899/7.jpg" alt="Эфир от 27.01.2020 (15:25)">
                                                          <div class="timeline-episode__info">
                                 <p class="start">Эфир от 27.01.2020 (15:25)</p>
                                 <p>Начало в 15:25
                                                                              <a href="/brand/63863">"Наши песни – наша память"</a>
                                                                      </p>
                             </div>
                             <div class="equaliser">
                                 <div class="bar first"></div>
                                 <div class="bar second"></div>
                                 <div class="bar third"></div>
                                 <div class="bar fourth"></div>
                                 <div class="bar fifth"></div>
                             </div>
                             <div class="start"></div>
                        </div>
                    </div>
                                    <div class="timeline-item swiper-slide">
                                                                                    <div class="timeline-episode" data-type="video" data-id="1989398" data-itemid="2472711">
                                                                                                                 <img src="https://cdn-st4.rtr-vesti.ru/vh/pictures/r/206/863/9.jpg" alt="Джонатан Свифт&nbsp; "Путешествия Гулливера". Часть 6-я">
                                                          <div class="timeline-episode__info">
                                 <p class="start">Джонатан Свифт&nbsp; "Путешествия Гулливера". Часть 6-я</p>
                                 <p>Начало в 15:30
                                                                              <a href="/brand/57128">"Литературный сериал"</a>
                                                                      </p>
                             </div>
                             <div class="equaliser">
                                 <div class="bar first"></div>
                                 <div class="bar second"></div>
                                 <div class="bar third"></div>
                                 <div class="bar fourth"></div>
                                 <div class="bar fifth"></div>
                             </div>
                             <div class="start"></div>
                        </div>
                    </div>
                                    <div class="timeline-item swiper-slide">
                                                     <div class="timeline-episode" data-itemid="2472712">
                                                                                     <img src="https://cdn-st1.rtr-vesti.ru/vh/pictures/r/183/779/6.jpg" alt=""Вести"">
                                                          <div class="timeline-episode__info">
                                 <p class="start">"Вести"</p>
                                 <p>Начало в 16:00
                                                                              <a href="/brand/57098">"Вести"</a>
                                                                      </p>
                             </div>
                             <div class="equaliser">
                                 <div class="bar first"></div>
                                 <div class="bar second"></div>
                                 <div class="bar third"></div>
                                 <div class="bar fourth"></div>
                                 <div class="bar fifth"></div>
                             </div>
                             <div class="start"></div>
                        </div>
                    </div>
                                    <div class="timeline-item swiper-slide">
                                                                                    <div class="timeline-episode" data-type="audio" data-id="2467808" data-itemid="2472713">
                                                                                                                 <img src="https://cdn-st1.rtr-vesti.ru/vh/pictures/r/202/084/0.jpg" alt="В Комсомольске-на-Амуре из-за нарушений закрыли единственный аэропорт">
                                                          <div class="timeline-episode__info">
                                 <p class="start">В Комсомольске-на-Амуре из-за нарушений закрыли единственный аэропорт</p>
                                 <p>Начало в 16:10
                                                                              <a href="/brand/60510">"Разное время. Радиоканал"</a>
                                                                      </p>
                             </div>
                             <div class="equaliser">
                                 <div class="bar first"></div>
                                 <div class="bar second"></div>
                                 <div class="bar third"></div>
                                 <div class="bar fourth"></div>
                                 <div class="bar fifth"></div>
                             </div>
                             <div class="start"></div>
                        </div>
                    </div>
                                    <div class="timeline-item swiper-slide">
                                                                                    <div class="timeline-episode" data-type="audio" data-id="2467812" data-itemid="2478118">
                                                                                                                 <img src="https://cdn-st4.rtr-vesti.ru/vh/pictures/r/207/392/7.jpg" alt="Чита: в заброшенном доме обнаружена многодетная семья">
                                                          <div class="timeline-episode__info">
                                 <p class="start">Чита: в заброшенном доме обнаружена многодетная семья</p>
                                 <p>Начало в 16:35
                                                                              <a href="/brand/60510">"Разное время. Радиоканал"</a>
                                                                      </p>
                             </div>
                             <div class="equaliser">
                                 <div class="bar first"></div>
                                 <div class="bar second"></div>
                                 <div class="bar third"></div>
                                 <div class="bar fourth"></div>
                                 <div class="bar fifth"></div>
                             </div>
                             <div class="start"></div>
                        </div>
                    </div>
                                    <div class="timeline-item swiper-slide">
                                                     <div class="timeline-episode" data-itemid="2472714">
                                                                                     <img src="https://cdn-st1.rtr-vesti.ru/vh/pictures/r/183/779/6.jpg" alt=""Вести"">
                                                          <div class="timeline-episode__info">
                                 <p class="start">"Вести"</p>
                                 <p>Начало в 17:00
                                                                              <a href="/brand/57098">"Вести"</a>
                                                                      </p>
                             </div>
                             <div class="equaliser">
                                 <div class="bar first"></div>
                                 <div class="bar second"></div>
                                 <div class="bar third"></div>
                                 <div class="bar fourth"></div>
                                 <div class="bar fifth"></div>
                             </div>
                             <div class="start"></div>
                        </div>
                    </div>
                                    <div class="timeline-item swiper-slide">
                                                                                    <div class="timeline-episode" data-type="audio" data-id="2467816" data-itemid="2472715">
                                                                                                                 <img src="https://cdn-st3.rtr-vesti.ru/vh/pictures/r/153/955/0.jpg" alt="Реабилитация и адаптация бездомных">
                                                          <div class="timeline-episode__info">
                                 <p class="start">Реабилитация и адаптация бездомных</p>
                                 <p>Начало в 17:10
                                                                              <a href="/brand/60510">"Разное время. Радиоканал"</a>
                                                                      </p>
                             </div>
                             <div class="equaliser">
                                 <div class="bar first"></div>
                                 <div class="bar second"></div>
                                 <div class="bar third"></div>
                                 <div class="bar fourth"></div>
                                 <div class="bar fifth"></div>
                             </div>
                             <div class="start"></div>
                        </div>
                    </div>
                                    <div class="timeline-item swiper-slide">
                                                                                    <div class="timeline-episode" data-type="audio" data-id="2467818" data-itemid="2478079">
                                                                                                                 <img src="https://cdn-st4.rtr-vesti.ru/vh/pictures/r/212/379.jpg" alt="Ульяновск: к юбилею Победы бесплатно покажут 75 фильмов о войне">
                                                          <div class="timeline-episode__info">
                                 <p class="start">Ульяновск: к юбилею Победы бесплатно покажут 75 фильмов о войне</p>
                                 <p>Начало в 17:45
                                                                              <a href="/brand/60510">"Разное время. Радиоканал"</a>
                                                                      </p>
                             </div>
                             <div class="equaliser">
                                 <div class="bar first"></div>
                                 <div class="bar second"></div>
                                 <div class="bar third"></div>
                                 <div class="bar fourth"></div>
                                 <div class="bar fifth"></div>
                             </div>
                             <div class="start"></div>
                        </div>
                    </div>
                                    <div class="timeline-item swiper-slide">
                                                     <div class="timeline-episode" data-itemid="2472716">
                                                                                     <img src="https://cdn-st1.rtr-vesti.ru/vh/pictures/r/183/779/6.jpg" alt=""Вести"">
                                                          <div class="timeline-episode__info">
                                 <p class="start">"Вести"</p>
                                 <p>Начало в 18:00
                                                                              <a href="/brand/57098">"Вести"</a>
                                                                      </p>
                             </div>
                             <div class="equaliser">
                                 <div class="bar first"></div>
                                 <div class="bar second"></div>
                                 <div class="bar third"></div>
                                 <div class="bar fourth"></div>
                                 <div class="bar fifth"></div>
                             </div>
                             <div class="start"></div>
                        </div>
                    </div>
                                    <div class="timeline-item swiper-slide">
                                                     <div class="timeline-episode" data-itemid="2472717">
                                                                                     <img src="https://cdn-st3.rtr-vesti.ru/vh/pictures/r/174/427/0.jpg" alt=""Поверь в мечту"">
                                                          <div class="timeline-episode__info">
                                 <p class="start">"Поверь в мечту"</p>
                                 <p>Начало в 18:10
                                                                              <a href="/brand/64673">"Поверь в мечту"</a>
                                                                      </p>
                             </div>
                             <div class="equaliser">
                                 <div class="bar first"></div>
                                 <div class="bar second"></div>
                                 <div class="bar third"></div>
                                 <div class="bar fourth"></div>
                                 <div class="bar fifth"></div>
                             </div>
                             <div class="start"></div>
                        </div>
                    </div>
                                    <div class="timeline-item swiper-slide">
                                                                                    <div class="timeline-episode" data-type="audio" data-id="2467801" data-itemid="2472718">
                                                                                                                 <img src="https://cdn-st1.rtr-vesti.ru/vh/pictures/r/207/492/8.jpg" alt="Масленица как акт современного искусства">
                                                          <div class="timeline-episode__info">
                                 <p class="start">Масленица как акт современного искусства</p>
                                 <p>Начало в 18:35
                                                                              <a href="/brand/63766">"Культурный повод"</a>
                                                                      </p>
                             </div>
                             <div class="equaliser">
                                 <div class="bar first"></div>
                                 <div class="bar second"></div>
                                 <div class="bar third"></div>
                                 <div class="bar fourth"></div>
                                 <div class="bar fifth"></div>
                             </div>
                             <div class="start"></div>
                        </div>
                    </div>
                                    <div class="timeline-item swiper-slide">
                                                     <div class="timeline-episode" data-itemid="2472719">
                                                                                     <img src="https://cdn-st1.rtr-vesti.ru/vh/pictures/r/183/779/6.jpg" alt=""Вести"">
                                                          <div class="timeline-episode__info">
                                 <p class="start">"Вести"</p>
                                 <p>Начало в 19:00
                                                                              <a href="/brand/57098">"Вести"</a>
                                                                      </p>
                             </div>
                             <div class="equaliser">
                                 <div class="bar first"></div>
                                 <div class="bar second"></div>
                                 <div class="bar third"></div>
                                 <div class="bar fourth"></div>
                                 <div class="bar fifth"></div>
                             </div>
                             <div class="start"></div>
                        </div>
                    </div>
                                    <div class="timeline-item swiper-slide">
                                                                                    <div class="timeline-episode" data-type="video" data-id="1989493" data-itemid="2472720">
                                                                                                                 <img src="https://cdn-st1.rtr-vesti.ru/vh/pictures/r/205/157/2.jpg" alt="События, факты, комментарии...">
                                                          <div class="timeline-episode__info">
                                 <p class="start">События, факты, комментарии...</p>
                                 <p>Начало в 19:10
                                                                              <a href="/brand/63802">"Вечерняя смена"</a>
                                                                      </p>
                             </div>
                             <div class="equaliser">
                                 <div class="bar first"></div>
                                 <div class="bar second"></div>
                                 <div class="bar third"></div>
                                 <div class="bar fourth"></div>
                                 <div class="bar fifth"></div>
                             </div>
                             <div class="start"></div>
                        </div>
                    </div>
                                    <div class="timeline-item swiper-slide">
                                                                                    <div class="timeline-episode" data-type="audio" data-id="2467834" data-itemid="2478121">
                                                                                                                 <img src="https://cdn-st2.rtr-vesti.ru/vh/pictures/r/207/472/1.jpg" alt="Нацисты спланировали блокаду Ленинграда в мае 1941 года">
                                                          <div class="timeline-episode__info">
                                 <p class="start">Нацисты спланировали блокаду Ленинграда в мае 1941 года</p>
                                 <p>Начало в 19:12
                                                                              <a href="/brand/63802">"Вечерняя смена"</a>
                                                                      </p>
                             </div>
                             <div class="equaliser">
                                 <div class="bar first"></div>
                                 <div class="bar second"></div>
                                 <div class="bar third"></div>
                                 <div class="bar fourth"></div>
                                 <div class="bar fifth"></div>
                             </div>
                             <div class="start"></div>
                        </div>
                    </div>
                                    <div class="timeline-item swiper-slide">
                                                     <div class="timeline-episode" data-itemid="2478122">
                                                                                     <img src="https://cdn-st1.rtr-vesti.ru/vh/pictures/r/194/070/4.jpg" alt=""Вечерняя смена"">
                                                          <div class="timeline-episode__info">
                                 <p class="start">"Вечерняя смена"</p>
                                 <p>Начало в 19:20
                                                                              <a href="/brand/63802">"Вечерняя смена"</a>
                                                                      </p>
                             </div>
                             <div class="equaliser">
                                 <div class="bar first"></div>
                                 <div class="bar second"></div>
                                 <div class="bar third"></div>
                                 <div class="bar fourth"></div>
                                 <div class="bar fifth"></div>
                             </div>
                             <div class="start"></div>
                        </div>
                    </div>
                                    <div class="timeline-item swiper-slide">
                                                     <div class="timeline-episode" data-itemid="2478123">
                                                                                     <img src="https://cdn-st1.rtr-vesti.ru/vh/pictures/r/194/070/4.jpg" alt=""Вечерняя смена"">
                                                          <div class="timeline-episode__info">
                                 <p class="start">"Вечерняя смена"</p>
                                 <p>Начало в 19:32
                                                                              <a href="/brand/63802">"Вечерняя смена"</a>
                                                                      </p>
                             </div>
                             <div class="equaliser">
                                 <div class="bar first"></div>
                                 <div class="bar second"></div>
                                 <div class="bar third"></div>
                                 <div class="bar fourth"></div>
                                 <div class="bar fifth"></div>
                             </div>
                             <div class="start"></div>
                        </div>
                    </div>
                                    <div class="timeline-item swiper-slide">
                                                    <div class="timeline-episode inair active-play" data-itemid="2478064"
                                                             >
                                                                                     <img src="https://cdn-st1.rtr-vesti.ru/vh/pictures/r/194/070/4.jpg" alt=""Вечерняя смена"">
                                                          <div class="timeline-episode__info">
                                 <p class="start">"Вечерняя смена"</p>
                                 <p>Начало в 19:42
                                                                              <a href="/brand/63802">"Вечерняя смена"</a>
                                                                      </p>
                             </div>
                             <div class="equaliser">
                                 <div class="bar first"></div>
                                 <div class="bar second"></div>
                                 <div class="bar third"></div>
                                 <div class="bar fourth"></div>
                                 <div class="bar fifth"></div>
                             </div>
                             <div class="start"></div>
                        </div>
                    </div>
                                    <div class="timeline-item swiper-slide">
                                                     <div class="timeline-episode" data-itemid="2472721">
                                                                                     <img src="https://cdn-st1.rtr-vesti.ru/vh/pictures/r/183/779/6.jpg" alt=""Вести"">
                                                          <div class="timeline-episode__info">
                                 <p class="start">"Вести"</p>
                                 <p>Начало в 20:00
                                                                              <a href="/brand/57098">"Вести"</a>
                                                                      </p>
                             </div>
                             <div class="equaliser">
                                 <div class="bar first"></div>
                                 <div class="bar second"></div>
                                 <div class="bar third"></div>
                                 <div class="bar fourth"></div>
                                 <div class="bar fifth"></div>
                             </div>
                             <div class="start"></div>
                        </div>
                    </div>
                            </div>
        </div>
        <div class="onair">Прямой эфир</div>
    </div>
    <div class="player-container">
        <div class="radio-flow">
            <div class="flow active" data-type="live" data-id="58648" data-flow="default">Радио России</div>
            <div class="flow" data-type="live" data-id="58149" data-flow="fm">Радио России FM</div>
        </div>
        <div class="player-wrapper">
            <iframe src="https://player.vgtrk.com/iframe/live/id/58648/skin/radiorus_audio" allow="autoplay"></iframe>
        </div>
        <div class="player-programs">
            <p>Программа</p>
        </div>
    </div>

    <div class="player-preload">
    </div>
</div>    <script type="text/javascript" src="/js/main.min.js?v=0.0.34"></script>

<!-- Adv slot 262 [ -->


    
        
        
        
                <!-- vesti.ru, vesti7.ru, russia.tv, live.russia.tv, tvkultura.ru, vgtrk.com, nauka.vesti.ru, hitech.vesti.ru, auto.vesti.ru, rtr-planeta.com, radiomayak.ru, radiovesti.ru, radiorus.ru, cultradio.ru, player.vgtrk.com -->
<!-- Yandex.Metrika counter -->
<script type="text/javascript" >
   (function(m,e,t,r,i,k,a){m[i]=m[i]||function(){(m[i].a=m[i].a||[]).push(arguments)};
   m[i].l=1*new Date();k=e.createElement(t),a=e.getElementsByTagName(t)[0],k.async=1,k.src=r,a.parentNode.insertBefore(k,a)})
   (window, document, "script", "https://mc.yandex.ru/metrika/tag.js", "ym");

   ym(55382026, "init", {
        clickmap:true,
        trackLinks:true,
        accurateTrackBounce:true,
        webvisor:true,
        ecommerce:"dataLayer"
   });
</script>
<noscript><div><img src="https://mc.yandex.ru/watch/55382026" style="position:absolute; left:-9999px;" alt="" /></div></noscript>
<!-- /Yandex.Metrika counter -->

        
        
    


<!-- ] Adv slot 262 -->
</body>
</html>