<?xml version="1.0" encoding="UTF-8"?><rss version="2.0" xmlns:content="http://purl.org/rss/1.0/modules/content/">
  <channel>
    <title>&lt;a href=&#34;/brand/57083&#34;&gt;&#34;Аэростат&#34;&lt;/a&gt;</title>
    <link>http://www.radiorus.ru/brand/57083/episodes</link>
    <description></description>
    <image>
      <url>https://cdn-st4.rtr-vesti.ru/vh/pictures/xw/124/617/1.jpg</url>
      <title>&#34;Аэростат&#34;</title>
      <link>http://www.radiorus.ru/brand/57083/episodes</link>
    </image>
    <item>
      <title>Новые имена 27</title>
      <link>http://www.radiorus.ru/brand/57083/episode/2237849</link>
      <description></description>
      <enclosure url="https://audio.vgtrk.com/download?id=2467579" length="1024" type="audio/mpeg"></enclosure>
      <guid>http://www.radiorus.ru/brand/57083/episode/2237849</guid>
      <pubDate>Sun, 26 Jan 2020 14:10:00 +0300</pubDate>
    </item>
    <item>
      <title>The Cure</title>
      <link>http://www.radiorus.ru/brand/57083/episode/2237781</link>
      <description></description>
      <enclosure url="https://audio.vgtrk.com/download?id=2466052" length="1024" type="audio/mpeg"></enclosure>
      <guid>http://www.radiorus.ru/brand/57083/episode/2237781</guid>
      <pubDate>Sun, 19 Jan 2020 14:10:00 +0300</pubDate>
    </item>
    <item>
      <title>Новые песни января</title>
      <link>http://www.radiorus.ru/brand/57083/episode/2236152</link>
      <description></description>
      <enclosure url="https://audio.vgtrk.com/download?id=2464622" length="1024" type="audio/mpeg"></enclosure>
      <guid>http://www.radiorus.ru/brand/57083/episode/2236152</guid>
      <pubDate>Sun, 12 Jan 2020 14:10:00 +0300</pubDate>
    </item>
    <item>
      <title>Новогодние притчи</title>
      <link>http://www.radiorus.ru/brand/57083/episode/2234173</link>
      <description></description>
      <enclosure url="https://audio.vgtrk.com/download?id=2463470" length="1024" type="audio/mpeg"></enclosure>
      <guid>http://www.radiorus.ru/brand/57083/episode/2234173</guid>
      <pubDate>Sun, 05 Jan 2020 14:10:00 +0300</pubDate>
    </item>
    <item>
      <title>С наступающим!</title>
      <link>http://www.radiorus.ru/brand/57083/episode/2233216</link>
      <description></description>
      <enclosure url="https://audio.vgtrk.com/download?id=2462338" length="1024" type="audio/mpeg"></enclosure>
      <guid>http://www.radiorus.ru/brand/57083/episode/2233216</guid>
      <pubDate>Sun, 29 Dec 2019 14:10:00 +0300</pubDate>
    </item>
    <item>
      <title>Рождество</title>
      <link>http://www.radiorus.ru/brand/57083/episode/2231513</link>
      <description></description>
      <enclosure url="https://audio.vgtrk.com/download?id=2460859" length="1024" type="audio/mpeg"></enclosure>
      <guid>http://www.radiorus.ru/brand/57083/episode/2231513</guid>
      <pubDate>Sun, 22 Dec 2019 14:10:00 +0300</pubDate>
    </item>
    <item>
      <title>&#34;То да сё # 6&#34; (Сила музыки)</title>
      <link>http://www.radiorus.ru/brand/57083/episode/2229234</link>
      <description></description>
      <enclosure url="https://audio.vgtrk.com/download?id=2459405" length="1024" type="audio/mpeg"></enclosure>
      <guid>http://www.radiorus.ru/brand/57083/episode/2229234</guid>
      <pubDate>Sun, 15 Dec 2019 14:10:00 +0300</pubDate>
    </item>
    <item>
      <title>Новые песни декабря</title>
      <link>http://www.radiorus.ru/brand/57083/episode/2226836</link>
      <description></description>
      <enclosure url="https://audio.vgtrk.com/download?id=2457932" length="1024" type="audio/mpeg"></enclosure>
      <guid>http://www.radiorus.ru/brand/57083/episode/2226836</guid>
      <pubDate>Sun, 08 Dec 2019 14:10:00 +0300</pubDate>
    </item>
    <item>
      <title>То да сё № 5</title>
      <link>http://www.radiorus.ru/brand/57083/episode/2223937</link>
      <description></description>
      <enclosure url="https://audio.vgtrk.com/download?id=2456411" length="1024" type="audio/mpeg"></enclosure>
      <guid>http://www.radiorus.ru/brand/57083/episode/2223937</guid>
      <pubDate>Sun, 01 Dec 2019 14:10:00 +0300</pubDate>
    </item>
    <item>
      <title>ELO: &#34;Из ниоткуда&#34; 2019</title>
      <link>http://www.radiorus.ru/brand/57083/episode/2222868</link>
      <description></description>
      <enclosure url="https://audio.vgtrk.com/download?id=2454907" length="1024" type="audio/mpeg"></enclosure>
      <guid>http://www.radiorus.ru/brand/57083/episode/2222868</guid>
      <pubDate>Sun, 24 Nov 2019 14:10:00 +0300</pubDate>
    </item>
  </channel>
</rss>