<div class="brand__list--wrap--item">
                                    <div class="photo-wrap">
                                                                                    <a href="/brand/59798/episode/2237240" class="photo-wrap__link">
                                                <img src="https://cdn-st4.rtr-vesti.ru/vh/pictures/bw/127/002/3.jpg"
                                                     alt="Афиша  к опере "Абесалом и Этери"">
                                                <!-- если фото > 1 [ -->
                                                                                            <!-- ] если фото > 1 -->
                                            </a>
                                                                            </div>
                                    <a href="/brand/59798/episode/2237240"
                                       class="brand-time brand-menu-link">29.01.2020 в 00:25</a>
                                    <a href="/brand/59798/episode/2237240" class="title brand-menu-link">Захарий Палиашвили "Абесалом и  Этери"</a>
                                    <a href="/brand/59798/episode/2237240" class="more-info brand-menu-link">Подробнее</a>

                                                                            <div class="audio-count" data-type="video" data-id="1990027"></div>
&&&
<div class="brand__list--wrap--item">
                                    <div class="photo-wrap">
                                                                                    <a href="/brand/59798/episode/2237251" class="photo-wrap__link">
                                                <img src="https://cdn-st3.rtr-vesti.ru/vh/pictures/bw/206/865/0.jpg"
                                                     alt="Питер Пауль Рубенс "Геракл убивает дракона из сада Гесперид"">
                                                <!-- если фото > 1 [ -->
                                                                                            <!-- ] если фото > 1 -->
                                            </a>
                                                                            </div>
                                    <a href="/brand/59798/episode/2237251"
                                       class="brand-time brand-menu-link">22.01.2020 в 00:25</a>
                                    <a href="/brand/59798/episode/2237251" class="title brand-menu-link">Антонио Вивальди  "Геркулес на Термодонте"</a>
                                    <a href="/brand/59798/episode/2237251" class="more-info brand-menu-link">Подробнее</a>

                                                                        <!-- если есть аудио[ -->
                                        <div class="audio-count" data-type="audio"
                                             data-id="2465058"></div>
&&&
<div class="brand__list--wrap--item">
                                    <div class="photo-wrap">
                                                                                    <a href="/brand/59798/episode/2236450" class="photo-wrap__link">
                                                <img src="https://cdn-st3.rtr-vesti.ru/vh/pictures/bw/206/761/0.jpg"
                                                     alt="/pexels.com/">
                                                <!-- если фото > 1 [ -->
                                                                                            <!-- ] если фото > 1 -->
                                            </a>
                                                                            </div>
                                    <a href="/brand/59798/episode/2236450"
                                       class="brand-time brand-menu-link">15.01.2020 в 00:25</a>
                                    <a href="/brand/59798/episode/2236450" class="title brand-menu-link">Моисей (Мечислав) Вайнберг  "Пассажирка"</a>
                                    <a href="/brand/59798/episode/2236450" class="more-info brand-menu-link">Подробнее</a>

                                                                        <!-- если есть аудио[ -->
                                        <div class="audio-count" data-type="audio"
                                             data-id="2464291"></div>
&&&
<div class="brand__list--wrap--item">
                                    <div class="photo-wrap">
                                                                                    <a href="/brand/59798/episode/2234127" class="photo-wrap__link">
                                                <img src="https://cdn-st3.rtr-vesti.ru/vh/pictures/bw/206/485/8.jpg"
                                                     alt="/artfile.me/">
                                                <!-- если фото > 1 [ -->
                                                                                            <!-- ] если фото > 1 -->
                                            </a>
                                                                            </div>
                                    <a href="/brand/59798/episode/2234127"
                                       class="brand-time brand-menu-link">08.01.2020 в 00:27</a>
                                    <a href="/brand/59798/episode/2234127" class="title brand-menu-link">Николай Римский-Корсаков "Снегурочка"</a>
                                    <a href="/brand/59798/episode/2234127" class="more-info brand-menu-link">Подробнее</a>

                                                                        <!-- если есть аудио[ -->
                                        <div class="audio-count" data-type="audio"
                                             data-id="2462507"></div>
&&&
<div class="brand__list--wrap--item">
                                    <div class="photo-wrap">
                                                                                    <a href="/brand/59798/episode/2233607" class="photo-wrap__link">
                                                <img src="https://cdn-st3.rtr-vesti.ru/vh/pictures/bw/206/401/0.jpg"
                                                     alt="/pixabay.com/">
                                                <!-- если фото > 1 [ -->
                                                                                            <!-- ] если фото > 1 -->
                                            </a>
                                                                            </div>
                                    <a href="/brand/59798/episode/2233607"
                                       class="brand-time brand-menu-link">01.01.2020 в 00:50</a>
                                    <a href="/brand/59798/episode/2233607" class="title brand-menu-link">Вольфганг Амадей Моцарт  "Похищение из сераля"</a>
                                    <a href="/brand/59798/episode/2233607" class="more-info brand-menu-link">Подробнее</a>

                                                                        <!-- если есть аудио[ -->
                                        <div class="audio-count" data-type="audio"
                                             data-id="2462078"></div>
&&&
<div class="brand__list--wrap--item">
                                    <div class="photo-wrap">
                                                                                    <a href="/brand/59798/episode/2228317" class="photo-wrap__link">
                                                <img src="https://cdn-st3.rtr-vesti.ru/vh/pictures/bw/168/461/0.jpg"
                                                     alt="">
                                                <!-- если фото > 1 [ -->
                                                                                            <!-- ] если фото > 1 -->
                                            </a>
                                                                            </div>
                                    <a href="/brand/59798/episode/2228317"
                                       class="brand-time brand-menu-link">25.12.2019 в 06:50</a>
                                    <a href="/brand/59798/episode/2228317" class="title brand-menu-link">Жан-Жака Руссо "Деревенский колдун"</a>
                                    <a href="/brand/59798/episode/2228317" class="more-info brand-menu-link">Подробнее</a>

                                                                        <!-- если есть аудио[ -->
                                        <div class="audio-count" data-type="audio"
                                             data-id="2458370"></div>
&&&
<div class="brand__list--wrap--item">
                                    <div class="photo-wrap">
                                                                                    <a href="/brand/59798/episode/2228301" class="photo-wrap__link">
                                                <img src="https://cdn-st2.rtr-vesti.ru/vh/pictures/bw/136/329/7.jpg"
                                                     alt="Трубадур">
                                                <!-- если фото > 1 [ -->
                                                                                            <!-- ] если фото > 1 -->
                                            </a>
                                                                            </div>
                                    <a href="/brand/59798/episode/2228301"
                                       class="brand-time brand-menu-link">18.12.2019 в 06:50</a>
                                    <a href="/brand/59798/episode/2228301" class="title brand-menu-link">Джузеппе Верди  "Трубадур"</a>
                                    <a href="/brand/59798/episode/2228301" class="more-info brand-menu-link">Подробнее</a>

                                                                        <!-- если есть аудио[ -->
                                        <div class="audio-count" data-type="audio"
                                             data-id="2458360"></div>
&&&
<div class="brand__list--wrap--item">
                                    <div class="photo-wrap">
                                                                                    <a href="/brand/59798/episode/2228283" class="photo-wrap__link">
                                                <img src="https://cdn-st1.rtr-vesti.ru/vh/pictures/bw/134/865/2.jpg"
                                                     alt="Мазепа Иван Степанович, гетман. Картина">
                                                <!-- если фото > 1 [ -->
                                                                                            <!-- ] если фото > 1 -->
                                            </a>
                                                                            </div>
                                    <a href="/brand/59798/episode/2228283"
                                       class="brand-time brand-menu-link">11.12.2019 в 06:50</a>
                                    <a href="/brand/59798/episode/2228283" class="title brand-menu-link">Пётр Чайковский  "Мазепа"</a>
                                    <a href="/brand/59798/episode/2228283" class="more-info brand-menu-link">Подробнее</a>

                                                                        <!-- если есть аудио[ -->
                                        <div class="audio-count" data-type="audio"
                                             data-id="2458361"></div>
&&&
<div class="brand__list--wrap--item">
                                    <div class="photo-wrap">
                                                                                    <a href="/brand/59798/episode/2224956" class="photo-wrap__link">
                                                <img src="https://cdn-st2.rtr-vesti.ru/vh/pictures/bw/204/530/1.jpg"
                                                     alt="/pixabay.com/">
                                                <!-- если фото > 1 [ -->
                                                                                            <!-- ] если фото > 1 -->
                                            </a>
                                                                            </div>
                                    <a href="/brand/59798/episode/2224956"
                                       class="brand-time brand-menu-link">04.12.2019 в 00:25</a>
                                    <a href="/brand/59798/episode/2224956" class="title brand-menu-link">Джон Адамс "Цветущее дерево"</a>
                                    <a href="/brand/59798/episode/2224956" class="more-info brand-menu-link">Подробнее</a>

                                                                        <!-- если есть аудио[ -->
                                        <div class="audio-count" data-type="audio"
                                             data-id="2456079"></div>
&&&
<div class="brand__list--wrap--item">
                                    <div class="photo-wrap">
                                                                                    <a href="/brand/59798/episode/2221310" class="photo-wrap__link">
                                                <img src="https://cdn-st2.rtr-vesti.ru/vh/pictures/bw/200/055/7.jpg"
                                                     alt="Джузеппе Верди. /ru.wikipedia.org/">
                                                <!-- если фото > 1 [ -->
                                                                                            <!-- ] если фото > 1 -->
                                            </a>
                                                                            </div>
                                    <a href="/brand/59798/episode/2221310"
                                       class="brand-time brand-menu-link">27.11.2019 в 00:25</a>
                                    <a href="/brand/59798/episode/2221310" class="title brand-menu-link">Джузеппе Верди  "Дон Карлос"</a>
                                    <a href="/brand/59798/episode/2221310" class="more-info brand-menu-link">Подробнее</a>

                                                                        <!-- если есть аудио[ -->
                                        <div class="audio-count" data-type="audio"
                                             data-id="2453625"></div>