<div class="brand__list--wrap--item">
                                    <div class="photo-wrap">
                                                                                    <a href="/brand/63147/episode/2244130" class="photo-wrap__link">
                                                <img src="https://cdn-st1.rtr-vesti.ru/vh/pictures/bw/124/666/0.jpg"
                                                     alt="">
                                                <!-- если фото > 1 [ -->
                                                                                            <!-- ] если фото > 1 -->
                                            </a>
                                                                            </div>
                                    <a href="/brand/63147/episode/2244130"
                                       class="brand-time brand-menu-link">04.02.2020 в 04:10</a>
                                    <a href="/brand/63147/episode/2244130" class="title brand-menu-link">Эфир от 04.02.2020 (04:10)</a>
                                    <a href="/brand/63147/episode/2244130" class="more-info brand-menu-link">Подробнее</a>

                                                                            <div class="audio-count" data-type="video" data-id="1992139"></div>
&&&
<div class="brand__list--wrap--item">
                                    <div class="photo-wrap">
                                                                                    <a href="/brand/63147/episode/2244008" class="photo-wrap__link">
                                                <img src="https://cdn-st1.rtr-vesti.ru/vh/pictures/bw/124/666/0.jpg"
                                                     alt="">
                                                <!-- если фото > 1 [ -->
                                                                                            <!-- ] если фото > 1 -->
                                            </a>
                                                                            </div>
                                    <a href="/brand/63147/episode/2244008"
                                       class="brand-time brand-menu-link">03.02.2020 в 23:10</a>
                                    <a href="/brand/63147/episode/2244008" class="title brand-menu-link">Эфир от 03.02.2020 (23:10)</a>
                                    <a href="/brand/63147/episode/2244008" class="more-info brand-menu-link">Подробнее</a>

                                                                            <div class="audio-count" data-type="video" data-id="1992117"></div>