<?xml version="1.0" encoding="UTF-8"?><rss version="2.0" xmlns:content="http://purl.org/rss/1.0/modules/content/">
  <channel>
    <title>&#34;Мы очень любим оперу&#34;</title>
    <link>http://www.radiorus.ru/brand/59798/episodes</link>
    <description></description>
    <image>
      <url>https://cdn-st1.rtr-vesti.ru/vh/pictures/xw/183/780/0.jpg</url>
      <title>&#34;Мы очень любим оперу&#34;</title>
      <link>http://www.radiorus.ru/brand/59798/episodes</link>
    </image>
    <item>
      <title>Захарий Палиашвили &#34;Абесалом и  Этери&#34;</title>
      <link>http://www.radiorus.ru/brand/59798/episode/2237240</link>
      <description></description>
      <guid>http://www.radiorus.ru/brand/59798/episode/2237240</guid>
      <pubDate>Wed, 29 Jan 2020 00:25:00 +0300</pubDate>
    </item>
    <item>
      <title>Антонио Вивальди  &#34;Геркулес на Термодонте&#34;</title>
      <link>http://www.radiorus.ru/brand/59798/episode/2237251</link>
      <description></description>
      <enclosure url="https://audio.vgtrk.com/download?id=2465058" length="1024" type="audio/mpeg"></enclosure>
      <guid>http://www.radiorus.ru/brand/59798/episode/2237251</guid>
      <pubDate>Wed, 22 Jan 2020 00:25:00 +0300</pubDate>
    </item>
    <item>
      <title>Моисей (Мечислав) Вайнберг  &#34;Пассажирка&#34;</title>
      <link>http://www.radiorus.ru/brand/59798/episode/2236450</link>
      <description></description>
      <enclosure url="https://audio.vgtrk.com/download?id=2464291" length="1024" type="audio/mpeg"></enclosure>
      <guid>http://www.radiorus.ru/brand/59798/episode/2236450</guid>
      <pubDate>Wed, 15 Jan 2020 00:25:00 +0300</pubDate>
    </item>
    <item>
      <title>Николай Римский-Корсаков &#34;Снегурочка&#34;</title>
      <link>http://www.radiorus.ru/brand/59798/episode/2234127</link>
      <description></description>
      <enclosure url="https://audio.vgtrk.com/download?id=2462507" length="1024" type="audio/mpeg"></enclosure>
      <guid>http://www.radiorus.ru/brand/59798/episode/2234127</guid>
      <pubDate>Wed, 08 Jan 2020 00:27:00 +0300</pubDate>
    </item>
    <item>
      <title>Вольфганг Амадей Моцарт  &#34;Похищение из сераля&#34;</title>
      <link>http://www.radiorus.ru/brand/59798/episode/2233607</link>
      <description></description>
      <enclosure url="https://audio.vgtrk.com/download?id=2462078" length="1024" type="audio/mpeg"></enclosure>
      <guid>http://www.radiorus.ru/brand/59798/episode/2233607</guid>
      <pubDate>Wed, 01 Jan 2020 00:50:00 +0300</pubDate>
    </item>
    <item>
      <title>Жан-Жака Руссо &#34;Деревенский колдун&#34;</title>
      <link>http://www.radiorus.ru/brand/59798/episode/2228317</link>
      <description></description>
      <enclosure url="https://audio.vgtrk.com/download?id=2458370" length="1024" type="audio/mpeg"></enclosure>
      <guid>http://www.radiorus.ru/brand/59798/episode/2228317</guid>
      <pubDate>Wed, 25 Dec 2019 06:50:00 +0300</pubDate>
    </item>
    <item>
      <title>Джузеппе Верди  &#34;Трубадур&#34;</title>
      <link>http://www.radiorus.ru/brand/59798/episode/2228301</link>
      <description></description>
      <enclosure url="https://audio.vgtrk.com/download?id=2458360" length="1024" type="audio/mpeg"></enclosure>
      <guid>http://www.radiorus.ru/brand/59798/episode/2228301</guid>
      <pubDate>Wed, 18 Dec 2019 06:50:00 +0300</pubDate>
    </item>
    <item>
      <title>Пётр Чайковский  &#34;Мазепа&#34;</title>
      <link>http://www.radiorus.ru/brand/59798/episode/2228283</link>
      <description></description>
      <enclosure url="https://audio.vgtrk.com/download?id=2458361" length="1024" type="audio/mpeg"></enclosure>
      <guid>http://www.radiorus.ru/brand/59798/episode/2228283</guid>
      <pubDate>Wed, 11 Dec 2019 06:50:00 +0300</pubDate>
    </item>
    <item>
      <title>Джон Адамс &#34;Цветущее дерево&#34;</title>
      <link>http://www.radiorus.ru/brand/59798/episode/2224956</link>
      <description></description>
      <enclosure url="https://audio.vgtrk.com/download?id=2456079" length="1024" type="audio/mpeg"></enclosure>
      <guid>http://www.radiorus.ru/brand/59798/episode/2224956</guid>
      <pubDate>Wed, 04 Dec 2019 00:25:00 +0300</pubDate>
    </item>
    <item>
      <title>Джузеппе Верди  &#34;Дон Карлос&#34;</title>
      <link>http://www.radiorus.ru/brand/59798/episode/2221310</link>
      <description></description>
      <enclosure url="https://audio.vgtrk.com/download?id=2453625" length="1024" type="audio/mpeg"></enclosure>
      <guid>http://www.radiorus.ru/brand/59798/episode/2221310</guid>
      <pubDate>Wed, 27 Nov 2019 00:25:00 +0300</pubDate>
    </item>
  </channel>
</rss>